// Jest Snapshot v1, https://goo.gl/fbAQLP

exports[`Header Component Should render correctly renders correctly 1`] = `
<header>
  <img
    alt="logo"
    className="logoStyle"
    src="../images/beer_logo.png"
  />
  <h1>
    The Brewery
  </h1>
  <span
    onClick={undefined}
  >
    <img
      alt="alarm"
      className="bellIcon"
      src="../images/beer_logo.png"
    />
  </span>
</header>
`;
