// Jest Snapshot v1, https://goo.gl/fbAQLP

exports[`BeerComponent component renders the BeerComponent correctly renders correctly with data 1`] = `
<div
  className="row"
>
  <div
    className="col-md-4 commonBoxModel"
  >
    <div
      className="beerContainer"
    >
      <h3
        className="beertype"
      >
        Aler Beer
      </h3>
      <span
        className="currentTemp"
      >
        <img
          className="iconStyling"
          src="../images/temp-icon.png"
        />
        --
      </span>
      <span
        className="tmpLabel"
      >
        Current Temp
      </span>
      <span
        className="rangeTemp"
      >
        <img
          className="iconStyling"
          src="../images/temp-icon.png"
        />
        3 - 5
      </span>
      <span
        className="tmpLabel"
      >
        Temp Range
      </span>
    </div>
  </div>
  <div
    className="col-md-4 commonBoxModel"
  >
    <div
      className="beerContainer"
    >
      <h3
        className="beertype"
      >
        Aler Beer2
      </h3>
      <span
        className="currentTemp"
      >
        <img
          className="iconStyling"
          src="../images/temp-icon.png"
        />
        --
      </span>
      <span
        className="tmpLabel"
      >
        Current Temp
      </span>
      <span
        className="rangeTemp"
      >
        <img
          className="iconStyling"
          src="../images/temp-icon.png"
        />
        3 - 5
      </span>
      <span
        className="tmpLabel"
      >
        Temp Range
      </span>
    </div>
  </div>
  <div
    className="col-md-4 commonBoxModel"
  >
    <div
      className="beerContainer"
    >
      <h3
        className="beertype"
      >
        Aler Beer
      </h3>
      <span
        className="currentTemp"
      >
        <img
          className="iconStyling"
          src="../images/temp-icon.png"
        />
        --
      </span>
      <span
        className="tmpLabel"
      >
        Current Temp
      </span>
      <span
        className="rangeTemp"
      >
        <img
          className="iconStyling"
          src="../images/temp-icon.png"
        />
        3 - 5
      </span>
      <span
        className="tmpLabel"
      >
        Temp Range
      </span>
    </div>
  </div>
</div>
`;

exports[`BeerComponent component renders the BeerComponent correctly renders correctly with no data 1`] = `
<div
  className="row"
/>
`;
