// Jest Snapshot v1, https://goo.gl/fbAQLP

exports[`BeerComponent component renders the BeerComponent correctly renders correctly with data 1`] = `
<div
  className="row"
>
  <div
    className="col-md-4 commonBoxModel"
  >
    <div
      className="beerContainer"
    >
      <figure>
        <img
          alt="Beer 1"
          className="beerContainerImage"
          src="../images/beer.png"
        />
        <figcaption
          className="yellowContainer"
        >
          Aler Beer
          <br />
          Current Temp
          <br />
          Temp Range
        </figcaption>
      </figure>
    </div>
  </div>
  <div
    className="col-md-4 commonBoxModel"
  >
    <div
      className="beerContainer"
    >
      <figure>
        <img
          alt="Beer 1"
          className="beerContainerImage"
          src="../images/beer.png"
        />
        <figcaption
          className="yellowContainer"
        >
          Aler Beer2
          <br />
          Current Temp
          <br />
          Temp Range
        </figcaption>
      </figure>
    </div>
  </div>
  <div
    className="col-md-4 commonBoxModel"
  >
    <div
      className="beerContainer"
    >
      <figure>
        <img
          alt="Beer 1"
          className="beerContainerImage"
          src="../images/beer.png"
        />
        <figcaption
          className="yellowContainer"
        >
          Aler Beer
          <br />
          Current Temp
          <br />
          Temp Range
        </figcaption>
      </figure>
    </div>
  </div>
</div>
`;

exports[`BeerComponent component renders the BeerComponent correctly renders correctly with no data 1`] = `
<div
  className="row"
/>
`;
