// Jest Snapshot v1, https://goo.gl/fbAQLP

exports[`Dashboard component should render correctly renders correctly with beer detail and temperature 1`] = `
ShallowWrapper {
  "length": 1,
  Symbol(enzyme.__root__): [Circular],
  Symbol(enzyme.__unrendered__): <Dashboard
    beerList={
        Array [
            Object {
              "beerType": "Aler Beer",
              "containerId": 1,
              "id": 1,
              "tempRange": Array [
                3,
                5,
              ],
            },
          ]
    }
    fetchBeerList={[Function]}
    isAnyBeerOutOfTempRange={false}
    isMute={false}
    temperatureType="FAHRENHEIT"
    updateTemperature={[Function]}
/>,
  Symbol(enzyme.__renderer__): Object {
    "batchedUpdates": [Function],
    "getNode": [Function],
    "render": [Function],
    "simulateEvent": [Function],
    "unmount": [Function],
  },
  Symbol(enzyme.__node__): Object {
    "instance": null,
    "key": undefined,
    "nodeType": "host",
    "props": Object {
      "children": Array [
        <LoadingIndicator
          showLoader={true}
/>,
        <Legends
          legendColorClass={
                    Array [
                              "blueBackground",
                              "redBackground",
                            ]
          }
          legendsValue={
                    Array [
                              "Too Low",
                              "Too High",
                            ]
          }
/>,
        <BeerList
          beerList={
                    Array [
                              Object {
                                "beerType": "Aler Beer",
                                "containerId": 1,
                                "id": 1,
                                "tempRange": Array [
                                  3,
                                  5,
                                ],
                              },
                            ]
          }
          temperatureType="FAHRENHEIT"
/>,
      ],
      "className": "pageLayout",
    },
    "ref": null,
    "rendered": Array [
      Object {
        "instance": null,
        "key": undefined,
        "nodeType": "function",
        "props": Object {
          "showLoader": true,
        },
        "ref": null,
        "rendered": null,
        "type": [Function],
      },
      Object {
        "instance": null,
        "key": undefined,
        "nodeType": "function",
        "props": Object {
          "legendColorClass": Array [
            "blueBackground",
            "redBackground",
          ],
          "legendsValue": Array [
            "Too Low",
            "Too High",
          ],
        },
        "ref": null,
        "rendered": null,
        "type": [Function],
      },
      Object {
        "instance": null,
        "key": undefined,
        "nodeType": "function",
        "props": Object {
          "beerList": Array [
            Object {
              "beerType": "Aler Beer",
              "containerId": 1,
              "id": 1,
              "tempRange": Array [
                3,
                5,
              ],
            },
          ],
          "temperatureType": "FAHRENHEIT",
        },
        "ref": null,
        "rendered": null,
        "type": [Function],
      },
    ],
    "type": "div",
  },
  Symbol(enzyme.__nodes__): Array [
    Object {
      "instance": null,
      "key": undefined,
      "nodeType": "host",
      "props": Object {
        "children": Array [
          <LoadingIndicator
            showLoader={true}
/>,
          <Legends
            legendColorClass={
                        Array [
                                    "blueBackground",
                                    "redBackground",
                                  ]
            }
            legendsValue={
                        Array [
                                    "Too Low",
                                    "Too High",
                                  ]
            }
/>,
          <BeerList
            beerList={
                        Array [
                                    Object {
                                      "beerType": "Aler Beer",
                                      "containerId": 1,
                                      "id": 1,
                                      "tempRange": Array [
                                        3,
                                        5,
                                      ],
                                    },
                                  ]
            }
            temperatureType="FAHRENHEIT"
/>,
        ],
        "className": "pageLayout",
      },
      "ref": null,
      "rendered": Array [
        Object {
          "instance": null,
          "key": undefined,
          "nodeType": "function",
          "props": Object {
            "showLoader": true,
          },
          "ref": null,
          "rendered": null,
          "type": [Function],
        },
        Object {
          "instance": null,
          "key": undefined,
          "nodeType": "function",
          "props": Object {
            "legendColorClass": Array [
              "blueBackground",
              "redBackground",
            ],
            "legendsValue": Array [
              "Too Low",
              "Too High",
            ],
          },
          "ref": null,
          "rendered": null,
          "type": [Function],
        },
        Object {
          "instance": null,
          "key": undefined,
          "nodeType": "function",
          "props": Object {
            "beerList": Array [
              Object {
                "beerType": "Aler Beer",
                "containerId": 1,
                "id": 1,
                "tempRange": Array [
                  3,
                  5,
                ],
              },
            ],
            "temperatureType": "FAHRENHEIT",
          },
          "ref": null,
          "rendered": null,
          "type": [Function],
        },
      ],
      "type": "div",
    },
  ],
  Symbol(enzyme.__options__): Object {
    "adapter": ReactSixteenAdapter {
      "options": Object {
        "enableComponentDidUpdateOnSetState": true,
      },
    },
  },
}
`;

exports[`Dashboard component should render correctly renders correctly with change in temperature 1`] = `
ShallowWrapper {
  "length": 1,
  Symbol(enzyme.__root__): [Circular],
  Symbol(enzyme.__unrendered__): <Dashboard
    beerList={
        Array [
            Object {
              "beerType": "Aler Beer",
              "containerId": 1,
              "id": 1,
              "tempRange": Array [
                3,
                5,
              ],
            },
          ]
    }
    fetchBeerList={[Function]}
    isAnyBeerOutOfTempRange={false}
    isMute={false}
    temperatureType="FAHRENHEIT"
    updateTemperature={[Function]}
/>,
  Symbol(enzyme.__renderer__): Object {
    "batchedUpdates": [Function],
    "getNode": [Function],
    "render": [Function],
    "simulateEvent": [Function],
    "unmount": [Function],
  },
  Symbol(enzyme.__node__): Object {
    "instance": null,
    "key": undefined,
    "nodeType": "host",
    "props": Object {
      "children": Array [
        <LoadingIndicator
          showLoader={true}
/>,
        <Legends
          legendColorClass={
                    Array [
                              "blueBackground",
                              "redBackground",
                            ]
          }
          legendsValue={
                    Array [
                              "Too Low",
                              "Too High",
                            ]
          }
/>,
        <BeerList
          beerList={
                    Array [
                              Object {
                                "beerType": "Aler Beer",
                                "containerId": 1,
                                "id": 1,
                                "tempRange": Array [
                                  3,
                                  5,
                                ],
                              },
                            ]
          }
          temperatureType="FAHRENHEIT"
/>,
      ],
      "className": "pageLayout",
    },
    "ref": null,
    "rendered": Array [
      Object {
        "instance": null,
        "key": undefined,
        "nodeType": "function",
        "props": Object {
          "showLoader": true,
        },
        "ref": null,
        "rendered": null,
        "type": [Function],
      },
      Object {
        "instance": null,
        "key": undefined,
        "nodeType": "function",
        "props": Object {
          "legendColorClass": Array [
            "blueBackground",
            "redBackground",
          ],
          "legendsValue": Array [
            "Too Low",
            "Too High",
          ],
        },
        "ref": null,
        "rendered": null,
        "type": [Function],
      },
      Object {
        "instance": null,
        "key": undefined,
        "nodeType": "function",
        "props": Object {
          "beerList": Array [
            Object {
              "beerType": "Aler Beer",
              "containerId": 1,
              "id": 1,
              "tempRange": Array [
                3,
                5,
              ],
            },
          ],
          "temperatureType": "FAHRENHEIT",
        },
        "ref": null,
        "rendered": null,
        "type": [Function],
      },
    ],
    "type": "div",
  },
  Symbol(enzyme.__nodes__): Array [
    Object {
      "instance": null,
      "key": undefined,
      "nodeType": "host",
      "props": Object {
        "children": Array [
          <LoadingIndicator
            showLoader={true}
/>,
          <Legends
            legendColorClass={
                        Array [
                                    "blueBackground",
                                    "redBackground",
                                  ]
            }
            legendsValue={
                        Array [
                                    "Too Low",
                                    "Too High",
                                  ]
            }
/>,
          <BeerList
            beerList={
                        Array [
                                    Object {
                                      "beerType": "Aler Beer",
                                      "containerId": 1,
                                      "id": 1,
                                      "tempRange": Array [
                                        3,
                                        5,
                                      ],
                                    },
                                  ]
            }
            temperatureType="FAHRENHEIT"
/>,
        ],
        "className": "pageLayout",
      },
      "ref": null,
      "rendered": Array [
        Object {
          "instance": null,
          "key": undefined,
          "nodeType": "function",
          "props": Object {
            "showLoader": true,
          },
          "ref": null,
          "rendered": null,
          "type": [Function],
        },
        Object {
          "instance": null,
          "key": undefined,
          "nodeType": "function",
          "props": Object {
            "legendColorClass": Array [
              "blueBackground",
              "redBackground",
            ],
            "legendsValue": Array [
              "Too Low",
              "Too High",
            ],
          },
          "ref": null,
          "rendered": null,
          "type": [Function],
        },
        Object {
          "instance": null,
          "key": undefined,
          "nodeType": "function",
          "props": Object {
            "beerList": Array [
              Object {
                "beerType": "Aler Beer",
                "containerId": 1,
                "id": 1,
                "tempRange": Array [
                  3,
                  5,
                ],
              },
            ],
            "temperatureType": "FAHRENHEIT",
          },
          "ref": null,
          "rendered": null,
          "type": [Function],
        },
      ],
      "type": "div",
    },
  ],
  Symbol(enzyme.__options__): Object {
    "adapter": ReactSixteenAdapter {
      "options": Object {
        "enableComponentDidUpdateOnSetState": true,
      },
    },
  },
}
`;

exports[`Dashboard component should render correctly renders correctly with different temperature 1`] = `
ShallowWrapper {
  "length": 1,
  Symbol(enzyme.__root__): [Circular],
  Symbol(enzyme.__unrendered__): <Dashboard
    beerList={
        Array [
            Object {
              "beerType": "Aler Beer",
              "containerId": 1,
              "id": 1,
              "tempRange": Array [
                3,
                5,
              ],
            },
          ]
    }
    fetchBeerList={[Function]}
    isAnyBeerOutOfTempRange={false}
    isMute={false}
    temperatureType="FAHRENHEIT"
    updateTemperature={[Function]}
/>,
  Symbol(enzyme.__renderer__): Object {
    "batchedUpdates": [Function],
    "getNode": [Function],
    "render": [Function],
    "simulateEvent": [Function],
    "unmount": [Function],
  },
  Symbol(enzyme.__node__): Object {
    "instance": null,
    "key": undefined,
    "nodeType": "host",
    "props": Object {
      "children": Array [
        <LoadingIndicator
          showLoader={true}
/>,
        <Legends
          legendColorClass={
                    Array [
                              "blueBackground",
                              "redBackground",
                            ]
          }
          legendsValue={
                    Array [
                              "Too Low",
                              "Too High",
                            ]
          }
/>,
        <BeerList
          beerList={
                    Array [
                              Object {
                                "beerType": "Aler Beer",
                                "containerId": 1,
                                "id": 1,
                                "tempRange": Array [
                                  3,
                                  5,
                                ],
                              },
                            ]
          }
          temperatureType="FAHRENHEIT"
/>,
      ],
      "className": "pageLayout",
    },
    "ref": null,
    "rendered": Array [
      Object {
        "instance": null,
        "key": undefined,
        "nodeType": "function",
        "props": Object {
          "showLoader": true,
        },
        "ref": null,
        "rendered": null,
        "type": [Function],
      },
      Object {
        "instance": null,
        "key": undefined,
        "nodeType": "function",
        "props": Object {
          "legendColorClass": Array [
            "blueBackground",
            "redBackground",
          ],
          "legendsValue": Array [
            "Too Low",
            "Too High",
          ],
        },
        "ref": null,
        "rendered": null,
        "type": [Function],
      },
      Object {
        "instance": null,
        "key": undefined,
        "nodeType": "function",
        "props": Object {
          "beerList": Array [
            Object {
              "beerType": "Aler Beer",
              "containerId": 1,
              "id": 1,
              "tempRange": Array [
                3,
                5,
              ],
            },
          ],
          "temperatureType": "FAHRENHEIT",
        },
        "ref": null,
        "rendered": null,
        "type": [Function],
      },
    ],
    "type": "div",
  },
  Symbol(enzyme.__nodes__): Array [
    Object {
      "instance": null,
      "key": undefined,
      "nodeType": "host",
      "props": Object {
        "children": Array [
          <LoadingIndicator
            showLoader={true}
/>,
          <Legends
            legendColorClass={
                        Array [
                                    "blueBackground",
                                    "redBackground",
                                  ]
            }
            legendsValue={
                        Array [
                                    "Too Low",
                                    "Too High",
                                  ]
            }
/>,
          <BeerList
            beerList={
                        Array [
                                    Object {
                                      "beerType": "Aler Beer",
                                      "containerId": 1,
                                      "id": 1,
                                      "tempRange": Array [
                                        3,
                                        5,
                                      ],
                                    },
                                  ]
            }
            temperatureType="FAHRENHEIT"
/>,
        ],
        "className": "pageLayout",
      },
      "ref": null,
      "rendered": Array [
        Object {
          "instance": null,
          "key": undefined,
          "nodeType": "function",
          "props": Object {
            "showLoader": true,
          },
          "ref": null,
          "rendered": null,
          "type": [Function],
        },
        Object {
          "instance": null,
          "key": undefined,
          "nodeType": "function",
          "props": Object {
            "legendColorClass": Array [
              "blueBackground",
              "redBackground",
            ],
            "legendsValue": Array [
              "Too Low",
              "Too High",
            ],
          },
          "ref": null,
          "rendered": null,
          "type": [Function],
        },
        Object {
          "instance": null,
          "key": undefined,
          "nodeType": "function",
          "props": Object {
            "beerList": Array [
              Object {
                "beerType": "Aler Beer",
                "containerId": 1,
                "id": 1,
                "tempRange": Array [
                  3,
                  5,
                ],
              },
            ],
            "temperatureType": "FAHRENHEIT",
          },
          "ref": null,
          "rendered": null,
          "type": [Function],
        },
      ],
      "type": "div",
    },
  ],
  Symbol(enzyme.__options__): Object {
    "adapter": ReactSixteenAdapter {
      "options": Object {
        "enableComponentDidUpdateOnSetState": true,
      },
    },
  },
}
`;

exports[`Dashboard component should render correctly renders correctly with sound 1`] = `
ShallowWrapper {
  "length": 1,
  Symbol(enzyme.__root__): [Circular],
  Symbol(enzyme.__unrendered__): <Dashboard
    beerList={
        Array [
            Object {
              "beerType": "Aler Beer",
              "containerId": 1,
              "id": 1,
              "tempRange": Array [
                3,
                5,
              ],
            },
          ]
    }
    fetchBeerList={[Function]}
    isAnyBeerOutOfTempRange={false}
    isMute={false}
    temperatureType="FAHRENHEIT"
    updateTemperature={[Function]}
/>,
  Symbol(enzyme.__renderer__): Object {
    "batchedUpdates": [Function],
    "getNode": [Function],
    "render": [Function],
    "simulateEvent": [Function],
    "unmount": [Function],
  },
  Symbol(enzyme.__node__): Object {
    "instance": null,
    "key": undefined,
    "nodeType": "host",
    "props": Object {
      "children": Array [
        <LoadingIndicator
          showLoader={true}
/>,
        <Legends
          legendColorClass={
                    Array [
                              "blueBackground",
                              "redBackground",
                            ]
          }
          legendsValue={
                    Array [
                              "Too Low",
                              "Too High",
                            ]
          }
/>,
        <BeerList
          beerList={
                    Array [
                              Object {
                                "beerType": "Aler Beer",
                                "containerId": 1,
                                "id": 1,
                                "tempRange": Array [
                                  3,
                                  5,
                                ],
                              },
                            ]
          }
          temperatureType="FAHRENHEIT"
/>,
      ],
      "className": "pageLayout",
    },
    "ref": null,
    "rendered": Array [
      Object {
        "instance": null,
        "key": undefined,
        "nodeType": "function",
        "props": Object {
          "showLoader": true,
        },
        "ref": null,
        "rendered": null,
        "type": [Function],
      },
      Object {
        "instance": null,
        "key": undefined,
        "nodeType": "function",
        "props": Object {
          "legendColorClass": Array [
            "blueBackground",
            "redBackground",
          ],
          "legendsValue": Array [
            "Too Low",
            "Too High",
          ],
        },
        "ref": null,
        "rendered": null,
        "type": [Function],
      },
      Object {
        "instance": null,
        "key": undefined,
        "nodeType": "function",
        "props": Object {
          "beerList": Array [
            Object {
              "beerType": "Aler Beer",
              "containerId": 1,
              "id": 1,
              "tempRange": Array [
                3,
                5,
              ],
            },
          ],
          "temperatureType": "FAHRENHEIT",
        },
        "ref": null,
        "rendered": null,
        "type": [Function],
      },
    ],
    "type": "div",
  },
  Symbol(enzyme.__nodes__): Array [
    Object {
      "instance": null,
      "key": undefined,
      "nodeType": "host",
      "props": Object {
        "children": Array [
          <LoadingIndicator
            showLoader={true}
/>,
          <Legends
            legendColorClass={
                        Array [
                                    "blueBackground",
                                    "redBackground",
                                  ]
            }
            legendsValue={
                        Array [
                                    "Too Low",
                                    "Too High",
                                  ]
            }
/>,
          <BeerList
            beerList={
                        Array [
                                    Object {
                                      "beerType": "Aler Beer",
                                      "containerId": 1,
                                      "id": 1,
                                      "tempRange": Array [
                                        3,
                                        5,
                                      ],
                                    },
                                  ]
            }
            temperatureType="FAHRENHEIT"
/>,
        ],
        "className": "pageLayout",
      },
      "ref": null,
      "rendered": Array [
        Object {
          "instance": null,
          "key": undefined,
          "nodeType": "function",
          "props": Object {
            "showLoader": true,
          },
          "ref": null,
          "rendered": null,
          "type": [Function],
        },
        Object {
          "instance": null,
          "key": undefined,
          "nodeType": "function",
          "props": Object {
            "legendColorClass": Array [
              "blueBackground",
              "redBackground",
            ],
            "legendsValue": Array [
              "Too Low",
              "Too High",
            ],
          },
          "ref": null,
          "rendered": null,
          "type": [Function],
        },
        Object {
          "instance": null,
          "key": undefined,
          "nodeType": "function",
          "props": Object {
            "beerList": Array [
              Object {
                "beerType": "Aler Beer",
                "containerId": 1,
                "id": 1,
                "tempRange": Array [
                  3,
                  5,
                ],
              },
            ],
            "temperatureType": "FAHRENHEIT",
          },
          "ref": null,
          "rendered": null,
          "type": [Function],
        },
      ],
      "type": "div",
    },
  ],
  Symbol(enzyme.__options__): Object {
    "adapter": ReactSixteenAdapter {
      "options": Object {
        "enableComponentDidUpdateOnSetState": true,
      },
    },
  },
}
`;

exports[`Dashboard component should render correctly renders correctly without beerList 1`] = `
ShallowWrapper {
  "length": 1,
  Symbol(enzyme.__root__): [Circular],
  Symbol(enzyme.__unrendered__): <Dashboard
    beerList={
        Array [
            Object {
              "beerType": "Aler Beer",
              "containerId": 1,
              "id": 1,
              "tempRange": Array [
                3,
                5,
              ],
            },
          ]
    }
    fetchBeerList={[Function]}
    isAnyBeerOutOfTempRange={false}
    isMute={false}
    temperatureType="FAHRENHEIT"
    updateTemperature={[Function]}
/>,
  Symbol(enzyme.__renderer__): Object {
    "batchedUpdates": [Function],
    "getNode": [Function],
    "render": [Function],
    "simulateEvent": [Function],
    "unmount": [Function],
  },
  Symbol(enzyme.__node__): Object {
    "instance": null,
    "key": undefined,
    "nodeType": "host",
    "props": Object {
      "children": Array [
        <LoadingIndicator
          showLoader={true}
/>,
        <Legends
          legendColorClass={
                    Array [
                              "blueBackground",
                              "redBackground",
                            ]
          }
          legendsValue={
                    Array [
                              "Too Low",
                              "Too High",
                            ]
          }
/>,
        <BeerList
          beerList={
                    Array [
                              Object {
                                "beerType": "Aler Beer",
                                "containerId": 1,
                                "id": 1,
                                "tempRange": Array [
                                  3,
                                  5,
                                ],
                              },
                            ]
          }
          temperatureType="FAHRENHEIT"
/>,
      ],
      "className": "pageLayout",
    },
    "ref": null,
    "rendered": Array [
      Object {
        "instance": null,
        "key": undefined,
        "nodeType": "function",
        "props": Object {
          "showLoader": true,
        },
        "ref": null,
        "rendered": null,
        "type": [Function],
      },
      Object {
        "instance": null,
        "key": undefined,
        "nodeType": "function",
        "props": Object {
          "legendColorClass": Array [
            "blueBackground",
            "redBackground",
          ],
          "legendsValue": Array [
            "Too Low",
            "Too High",
          ],
        },
        "ref": null,
        "rendered": null,
        "type": [Function],
      },
      Object {
        "instance": null,
        "key": undefined,
        "nodeType": "function",
        "props": Object {
          "beerList": Array [
            Object {
              "beerType": "Aler Beer",
              "containerId": 1,
              "id": 1,
              "tempRange": Array [
                3,
                5,
              ],
            },
          ],
          "temperatureType": "FAHRENHEIT",
        },
        "ref": null,
        "rendered": null,
        "type": [Function],
      },
    ],
    "type": "div",
  },
  Symbol(enzyme.__nodes__): Array [
    Object {
      "instance": null,
      "key": undefined,
      "nodeType": "host",
      "props": Object {
        "children": Array [
          <LoadingIndicator
            showLoader={true}
/>,
          <Legends
            legendColorClass={
                        Array [
                                    "blueBackground",
                                    "redBackground",
                                  ]
            }
            legendsValue={
                        Array [
                                    "Too Low",
                                    "Too High",
                                  ]
            }
/>,
          <BeerList
            beerList={
                        Array [
                                    Object {
                                      "beerType": "Aler Beer",
                                      "containerId": 1,
                                      "id": 1,
                                      "tempRange": Array [
                                        3,
                                        5,
                                      ],
                                    },
                                  ]
            }
            temperatureType="FAHRENHEIT"
/>,
        ],
        "className": "pageLayout",
      },
      "ref": null,
      "rendered": Array [
        Object {
          "instance": null,
          "key": undefined,
          "nodeType": "function",
          "props": Object {
            "showLoader": true,
          },
          "ref": null,
          "rendered": null,
          "type": [Function],
        },
        Object {
          "instance": null,
          "key": undefined,
          "nodeType": "function",
          "props": Object {
            "legendColorClass": Array [
              "blueBackground",
              "redBackground",
            ],
            "legendsValue": Array [
              "Too Low",
              "Too High",
            ],
          },
          "ref": null,
          "rendered": null,
          "type": [Function],
        },
        Object {
          "instance": null,
          "key": undefined,
          "nodeType": "function",
          "props": Object {
            "beerList": Array [
              Object {
                "beerType": "Aler Beer",
                "containerId": 1,
                "id": 1,
                "tempRange": Array [
                  3,
                  5,
                ],
              },
            ],
            "temperatureType": "FAHRENHEIT",
          },
          "ref": null,
          "rendered": null,
          "type": [Function],
        },
      ],
      "type": "div",
    },
  ],
  Symbol(enzyme.__options__): Object {
    "adapter": ReactSixteenAdapter {
      "options": Object {
        "enableComponentDidUpdateOnSetState": true,
      },
    },
  },
}
`;
