// Jest Snapshot v1, https://goo.gl/fbAQLP

exports[`Temperature Filter filters beer based on temperature correctly temperature select should work properly 1`] = `
ShallowWrapper {
  "length": 1,
  Symbol(enzyme.__root__): [Circular],
  Symbol(enzyme.__unrendered__): <TemperatureFilter
    changeTemperatureType={[Function]}
    temperatureType="CELSIUS"
/>,
  Symbol(enzyme.__renderer__): Object {
    "batchedUpdates": [Function],
    "getNode": [Function],
    "render": [Function],
    "simulateEvent": [Function],
    "unmount": [Function],
  },
  Symbol(enzyme.__node__): Object {
    "instance": null,
    "key": undefined,
    "nodeType": "host",
    "props": Object {
      "children": Array [
        <option
          value="CELSIUS"
>
          Celsius
</option>,
        <option
          value="FAHRENHEIT"
>
          Fahrenheit
</option>,
      ],
      "className": "input-sm form-control input-s-sm inline",
      "onChange": [Function],
      "value": "CELSIUS",
    },
    "ref": null,
    "rendered": Array [
      Object {
        "instance": null,
        "key": "CELSIUS",
        "nodeType": "host",
        "props": Object {
          "children": "Celsius",
          "value": "CELSIUS",
        },
        "ref": null,
        "rendered": "Celsius",
        "type": "option",
      },
      Object {
        "instance": null,
        "key": "FAHRENHEIT",
        "nodeType": "host",
        "props": Object {
          "children": "Fahrenheit",
          "value": "FAHRENHEIT",
        },
        "ref": null,
        "rendered": "Fahrenheit",
        "type": "option",
      },
    ],
    "type": "select",
  },
  Symbol(enzyme.__nodes__): Array [
    Object {
      "instance": null,
      "key": undefined,
      "nodeType": "host",
      "props": Object {
        "children": Array [
          <option
            value="CELSIUS"
>
            Celsius
</option>,
          <option
            value="FAHRENHEIT"
>
            Fahrenheit
</option>,
        ],
        "className": "input-sm form-control input-s-sm inline",
        "onChange": [Function],
        "value": "CELSIUS",
      },
      "ref": null,
      "rendered": Array [
        Object {
          "instance": null,
          "key": "CELSIUS",
          "nodeType": "host",
          "props": Object {
            "children": "Celsius",
            "value": "CELSIUS",
          },
          "ref": null,
          "rendered": "Celsius",
          "type": "option",
        },
        Object {
          "instance": null,
          "key": "FAHRENHEIT",
          "nodeType": "host",
          "props": Object {
            "children": "Fahrenheit",
            "value": "FAHRENHEIT",
          },
          "ref": null,
          "rendered": "Fahrenheit",
          "type": "option",
        },
      ],
      "type": "select",
    },
  ],
  Symbol(enzyme.__options__): Object {
    "adapter": ReactSixteenAdapter {
      "options": Object {
        "enableComponentDidUpdateOnSetState": true,
      },
    },
  },
}
`;
